#
# There is insufficient memory for the Java Runtime Environment to continue.
# Native memory allocation (mmap) failed to map 805306368 bytes. Error detail: G1 virtual space
# Possible reasons:
#   The system is out of physical RAM or swap space
#   This process is running with CompressedOops enabled, and the Java Heap may be blocking the growth of the native heap
# Possible solutions:
#   Reduce memory load on the system
#   Increase physical memory or swap space
#   Check if swap backing store is full
#   Decrease Java heap size (-Xmx/-Xms)
#   Decrease number of Java threads
#   Decrease Java thread stack sizes (-Xss)
#   Set larger code cache with -XX:ReservedCodeCacheSize=
#   JVM is running with Zero Based Compressed Oops mode in which the Java heap is
#     placed in the first 32GB address space. The Java Heap base address is the
#     maximum limit for the native heap growth. Please use -XX:HeapBaseMinAddress
#     to set the Java Heap base and to place the Java Heap above 32GB virtual address.
# This output file may be truncated or incomplete.
#
#  Out of Memory Error (os_windows.cpp:3766), pid=1684, tid=31360
#
# JRE version:  (25.0.2+1) (build )
# Java VM: OpenJDK 64-Bit Server VM (25.0.2+1-b329.72, mixed mode, sharing, tiered, compressed oops, compressed class ptrs, g1 gc, windows-amd64)
# No core dump will be written. Minidumps are not enabled by default on client versions of Windows
#

---------------  S U M M A R Y ------------

Command Line: git4idea.http.GitAskPassApp Username for 'https://github.com': 

Host: AMD Ryzen 5 5600 6-Core Processor              , 12 cores, 47G,  Windows 11 , 64 bit Build 26100 (10.0.26100.8521)
Time: Sat Jul 18 11:24:26 2026 W. Europe Summer Time elapsed time: 0.014528 seconds (0d 0h 0m 0s)

---------------  T H R E A D  ---------------

Current thread (0x000001e676ec8890):  JavaThread "Unknown thread" [_thread_in_vm, id=31360, stack(0x00000021fea00000,0x00000021feb00000) (1024K)]

Stack: [0x00000021fea00000,0x00000021feb00000]
Native frames: (J=compiled Java code, j=interpreted, Vv=VM code, C=native code)
V  [jvm.dll+0x7c0b19]  (no source info available)
V  [jvm.dll+0x78a2ed]  (no source info available)
V  [jvm.dll+0xa0e563]  (no source info available)
V  [jvm.dll+0xa10d5c]  (no source info available)
V  [jvm.dll+0xa11453]  (no source info available)
V  [jvm.dll+0x307b86]  (no source info available)
V  [jvm.dll+0x7bcd25]  (no source info available)
V  [jvm.dll+0x7afce7]  (no source info available)
V  [jvm.dll+0x4015ce]  (no source info available)
V  [jvm.dll+0x4093eb]  (no source info available)
V  [jvm.dll+0x3f5c29]  (no source info available)
V  [jvm.dll+0x3f5edb]  (no source info available)
V  [jvm.dll+0x3cc093]  (no source info available)
V  [jvm.dll+0x3cccfe]  (no source info available)
V  [jvm.dll+0x9d48d7]  (no source info available)
V  [jvm.dll+0x466ce2]  (no source info available)
V  [jvm.dll+0x9b8019]  (no source info available)
V  [jvm.dll+0x508951]  (no source info available)
V  [jvm.dll+0x50a2c1]  (no source info available)
C  [jli.dll+0x541a]  (no source info available)
C  [ucrtbase.dll+0x2cd30]  (no source info available)
C  [KERNEL32.DLL+0x2e957]  (no source info available)
C  [ntdll.dll+0x87c1c]  (no source info available)

Lock stack of current Java thread (top to bottom):


---------------  P R O C E S S  ---------------

Threads class SMR info:
_java_thread_list=0x00007ff948849108, length=0, elements={
}

Java Threads: ( => current thread )
Total: 0

Other Threads:
  0x000001e6792caa70 WorkerThread "GC Thread#0"                     [id=46116, stack(0x00000021feb00000,0x00000021fec00000) (1024K)]
  0x000001e6792ceb00 ConcurrentGCThread "G1 Main Marker"            [id=11688, stack(0x00000021fec00000,0x00000021fed00000) (1024K)]
  0x000001e67f392dc0 WorkerThread "G1 Conc#0"                       [id=45196, stack(0x00000021fed00000,0x00000021fee00000) (1024K)]

[error occurred during error reporting (printing all threads), id 0xc0000005, EXCEPTION_ACCESS_VIOLATION (0xc0000005) at pc=0x00007ff947e60cea]
VM state: not at safepoint (not fully initialized)

VM Mutex/Monitor currently owned by a thread:  ([mutex/lock_event])
[0x00007ff9488d1d20] Heap_lock - owner thread: 0x000001e676ec8890

Heap address: 0x0000000501000000, size: 12272 MB, Compressed Oops mode: Zero based, Oop shift amount: 3

CDS archive(s) mapped at: [0x0000000000000000-0x0000000000000000-0x0000000000000000), size 0, SharedBaseAddress: 0x0000000800000000, ArchiveRelocationMode: 1.
UseCompressedClassPointers 1, UseCompactObjectHeaders 0
Narrow klass pointer bits 32, Max shift 3
Narrow klass base: 0xffffffffffffffff, Narrow klass shift: -1
Encoding Range: [0xffffffffffffffff - 0x000000007fffffff), (2147483648 bytes)
Klass Range:    [0x0000000000000000 - 0x0000000000000000), (0 bytes)
Klass ID Range:  [4294967295 - 0) (1)
No protection zone.

GC Precious Log:
 CardTable entry size: 512
 Card Set container configuration: InlinePtr #cards 4 size 8 Array Of Cards #cards 64 size 144 Howl #buckets 8 coarsen threshold 14745 Howl Bitmap #cards 2048 size 272 coarsen threshold 1843 Card regions per heap region 1 cards per card region 16384

Heap:
 garbage-first heap   total reserved 12566528K, committed 0K, used 0K [0x0000000501000000, 0x0000000800000000)
  region size 8192K, 0 young (0K), 0 survivors (0K)

Heap Regions: E=young(eden), S=young(survivor), O=old, HS=humongous(starts), HC=humongous(continues), CS=collection set, F=free, TAMS=top-at-mark-start, PB=parsable bottom

Card table byte_map: [0x000001e60f000000,0x000001e610800000] _byte_map_base: 0x000001e60c7f8000

Marking Bits: (CMBitMap*) 0x000001e6792cb200
 Bits: [0x000001e610800000, 0x000001e61c7c0000)

GC Heap Usage History (0 events):
No events

Metaspace Usage History (0 events):
No events

Dll operation events (1 events):
Event: 0.010 Loaded shared library C:\Program Files\JetBrains\JetBrains Rider 2026.1.0.1\jbr\bin\java.dll

Deoptimization events (0 events):
No events

Classes loaded (0 events):
No events

Classes unloaded (0 events):
No events

Classes redefined (0 events):
No events

Internal exceptions (0 events):
No events

VM Operations (0 events):
No events

Memory protections (0 events):
No events

Nmethod flushes (0 events):
No events

Events (0 events):
No events


Dynamic libraries:
0x00007ff79feb0000 - 0x00007ff79feba000 	C:\Program Files\JetBrains\JetBrains Rider 2026.1.0.1\jbr\bin\java.exe
0x00007ffa253a0000 - 0x00007ffa25606000 	C:\WINDOWS\SYSTEM32\ntdll.dll
0x00007ffa23230000 - 0x00007ffa232f9000 	C:\WINDOWS\System32\KERNEL32.DLL
0x00007ffa228d0000 - 0x00007ffa22cca000 	C:\WINDOWS\System32\KERNELBASE.dll
0x00007ffa22fc0000 - 0x00007ffa2310c000 	C:\WINDOWS\System32\ucrtbase.dll
0x00007ffa11880000 - 0x00007ffa1189e000 	C:\Program Files\JetBrains\JetBrains Rider 2026.1.0.1\jbr\bin\VCRUNTIME140.dll
0x00007ffa09890000 - 0x00007ffa098a7000 	C:\Program Files\JetBrains\JetBrains Rider 2026.1.0.1\jbr\bin\jli.dll
0x00007ffa246f0000 - 0x00007ffa248b7000 	C:\WINDOWS\System32\USER32.dll
0x00007ffa22630000 - 0x00007ffa22657000 	C:\WINDOWS\System32\win32u.dll
0x00007ffa13280000 - 0x00007ffa13512000 	C:\WINDOWS\WinSxS\amd64_microsoft.windows.common-controls_6595b64144ccf1df_6.0.26100.8521_none_3e08b75ce33403b3\COMCTL32.dll
0x00007ffa23b30000 - 0x00007ffa23b5b000 	C:\WINDOWS\System32\GDI32.dll
0x00007ffa24640000 - 0x00007ffa246e9000 	C:\WINDOWS\System32\msvcrt.dll
0x00007ffa227a0000 - 0x00007ffa228cb000 	C:\WINDOWS\System32\gdi32full.dll
0x00007ffa22660000 - 0x00007ffa22703000 	C:\WINDOWS\System32\msvcp_win.dll
0x00007ffa243e0000 - 0x00007ffa24412000 	C:\WINDOWS\System32\IMM32.DLL
0x00007ffa13640000 - 0x00007ffa1364c000 	C:\Program Files\JetBrains\JetBrains Rider 2026.1.0.1\jbr\bin\vcruntime140_1.dll
0x00007ff9ce150000 - 0x00007ff9ce1d9000 	C:\Program Files\JetBrains\JetBrains Rider 2026.1.0.1\jbr\bin\msvcp140.dll
0x00007ff947a80000 - 0x00007ff9489d2000 	C:\Program Files\JetBrains\JetBrains Rider 2026.1.0.1\jbr\bin\server\jvm.dll
0x00007ffa23b90000 - 0x00007ffa23c46000 	C:\WINDOWS\System32\ADVAPI32.dll
0x00007ffa24430000 - 0x00007ffa244da000 	C:\WINDOWS\System32\sechost.dll
0x00007ffa23110000 - 0x00007ffa23228000 	C:\WINDOWS\System32\RPCRT4.dll
0x00007ffa23300000 - 0x00007ffa23380000 	C:\WINDOWS\System32\WS2_32.dll
0x00007ffa22490000 - 0x00007ffa224ee000 	C:\WINDOWS\SYSTEM32\POWRPROF.dll
0x00007ffa17af0000 - 0x00007ffa17b26000 	C:\WINDOWS\SYSTEM32\WINMM.dll
0x00007ffa1b510000 - 0x00007ffa1b51b000 	C:\WINDOWS\SYSTEM32\VERSION.dll
0x00007ffa22470000 - 0x00007ffa22484000 	C:\WINDOWS\SYSTEM32\UMPDC.dll
0x00007ffa21380000 - 0x00007ffa2139b000 	C:\WINDOWS\SYSTEM32\kernel.appcore.dll
0x00007ffa11b60000 - 0x00007ffa11b6a000 	C:\Program Files\JetBrains\JetBrains Rider 2026.1.0.1\jbr\bin\jimage.dll
0x00007ffa1fdd0000 - 0x00007ffa20012000 	C:\WINDOWS\SYSTEM32\DBGHELP.DLL
0x00007ffa24ac0000 - 0x00007ffa24e43000 	C:\WINDOWS\System32\combase.dll
0x00007ffa23700000 - 0x00007ffa237d9000 	C:\WINDOWS\System32\OLEAUT32.dll
0x00007ffa00d80000 - 0x00007ffa00dbb000 	C:\WINDOWS\SYSTEM32\dbgcore.DLL
0x00007ffa22cd0000 - 0x00007ffa22d78000 	C:\WINDOWS\System32\bcryptPrimitives.dll
0x00007ffa11860000 - 0x00007ffa1187f000 	C:\Program Files\JetBrains\JetBrains Rider 2026.1.0.1\jbr\bin\java.dll
0x00007ffa248c0000 - 0x00007ffa24a58000 	C:\WINDOWS\System32\ole32.dll
0x00007ffa23c50000 - 0x00007ffa243d4000 	C:\WINDOWS\System32\SHELL32.dll

JVMTI agents: none

dbghelp: loaded successfully - version: 4.0.5 - missing functions: none
symbol engine: initialized successfully - sym options: 0x614 - pdb path: .;C:\Program Files\JetBrains\JetBrains Rider 2026.1.0.1\jbr\bin;C:\WINDOWS\SYSTEM32;C:\WINDOWS\WinSxS\amd64_microsoft.windows.common-controls_6595b64144ccf1df_6.0.26100.8521_none_3e08b75ce33403b3;C:\Program Files\JetBrains\JetBrains Rider 2026.1.0.1\jbr\bin\server

VM Arguments:
java_command: git4idea.http.GitAskPassApp Username for 'https://github.com': 
java_class_path (initial): C:/Program Files/JetBrains/JetBrains Rider 2026.1.0.1/plugins/vcs-git/lib/git4idea-rt.jar;C:/Program Files/JetBrains/JetBrains Rider 2026.1.0.1/lib/externalProcess-rt.jar
Launcher Type: SUN_STANDARD

[Global flags]
     intx CICompilerCount                          = 4                                         {product} {ergonomic}
     uint ConcGCThreads                            = 3                                         {product} {ergonomic}
     uint G1ConcRefinementThreads                  = 10                                        {product} {ergonomic}
   size_t G1HeapRegionSize                         = 8388608                                   {product} {ergonomic}
   size_t InitialHeapSize                          = 805306368                                 {product} {ergonomic}
   size_t MarkStackSize                            = 4194304                                   {product} {ergonomic}
   size_t MarkStackSizeMax                         = 536870912                                 {product} {ergonomic}
   size_t MaxHeapSize                              = 12868124672                               {product} {ergonomic}
   size_t MinHeapDeltaBytes                        = 8388608                                   {product} {ergonomic}
   size_t MinHeapSize                              = 8388608                                   {product} {ergonomic}
    uintx NonNMethodCodeHeapSize                   = 5832704                                {pd product} {ergonomic}
    uintx NonProfiledCodeHeapSize                  = 122945536                              {pd product} {ergonomic}
    uintx ProfiledCodeHeapSize                     = 122880000                              {pd product} {ergonomic}
    uintx ReservedCodeCacheSize                    = 251658240                              {pd product} {ergonomic}
     bool SegmentedCodeCache                       = true                                      {product} {ergonomic}
   size_t SoftMaxHeapSize                          = 12868124672                            {manageable} {ergonomic}
     bool UseCompressedOops                        = true                           {product lp64_product} {ergonomic}
     bool UseG1GC                                  = true                                      {product} {ergonomic}
     bool UseLargePagesIndividualAllocation        = false                                  {pd product} {ergonomic}

Logging:
Log output configuration:
 #0: stdout all=warning uptime,level,tags foldmultilines=false
 #1: stderr all=off uptime,level,tags foldmultilines=false

Release file:
<release file has not been read>
Environment Variables:
JAVA_HOME=C:\Program Files\Microsoft\jdk-21.0.7.6-hotspot\
PATH=C:/Program Files/Git/mingw64/libexec/git-core;C:/Program Files/Git/mingw64/libexec/git-core;C:\Program Files\Git\mingw64\bin;C:\Program Files\Git\usr\bin;C:\Users\axl\bin;C:\Program Files\Microsoft\jdk-21.0.7.6-hotspot\bin;C:\WINDOWS\system32;C:\WINDOWS;C:\WINDOWS\System32\Wbem;C:\WINDOWS\System32\WindowsPowerShell\v1.0\;C:\WINDOWS\System32\OpenSSH\;C:\Program Files\Microsoft SQL Server\150\Tools\Binn\;C:\Program Files\Microsoft SQL Server\Client SDK\ODBC\170\Tools\Binn\;C:\Program Files\dotnet\;C:\Program Files\Docker\Docker\resources\bin;C:\PersonalTemp\ffmpeg\bin;C:\Program Files\nodejs\;C:\Program Files\Apache\Maven\bin;C:\Program Files\Git\cmd;C:\w64devkit\bin;C:\Program Files\PostgreSQL\17\bin;C:\Program Files (x86)\Windows Kits\10\Windows Performance Toolkit\;C:\Program Files\Microsoft SQL Server\170\Tools\Binn\;C:\minikube;C:\Program Files\PuTTY\;C:\Program Files\Calibre2\;C:\Program Files\Tailscale\;C:\Program Files\PowerShell\7\;C:\Users\axl\AppData\Local\agy\bin;C:\Users\axl\AppData\Local\Microsoft\WindowsApps;C:\Users\axl\.dotnet\tools;C:\Users\axl\.lmstudio\bin;C:\Program Files\JetBrains\DataGrip 2025.1\bin;C:\Users\axl\AppData\Local\Programs\Microsoft VS Code\bin;C:\Users\axl\AppData\Roaming\npm;C:\Program Files\JetBrains\CLion 2025.2.3\bin;C:\Program Files\JetBrains\JetBrains Rider 261.22158.211\bin;C:\Program Files\JetBrains\JetBrains Rider 2026.1.0.1\bin;C:\Users\axl\AppData\Local\Microsoft\WinGet\Packages\Kubernetes.kind_Microsoft.Winget.Source_8wekyb3d8bbwe;C:\Users\axl\AppData\Local\Microsoft\WinGet\Packages\Helm.Helm_Microsoft.Winget.Source_8wekyb3d8bbwe\windows-amd64;C:\Users\axl\AppData\Local\Microsoft\WinGet\Packages\Derailed.k9s_Microsoft.Winget.Source_8wekyb3d8bbwe;C:\Program Files\Markdown Monster
USERNAME=axl
DISPLAY=:0.0
LC_ALL=en_US.UTF-8
TERM=xterm-256color
TMPDIR=C:\Users\axl\AppData\Local\Temp
OS=Windows_NT
PROCESSOR_IDENTIFIER=AMD64 Family 25 Model 33 Stepping 2, AuthenticAMD
TMP=C:\Users\axl\AppData\Local\Temp
TEMP=C:\Users\axl\AppData\Local\Temp




Compilation memory statistics disabled.

Periodic native trim disabled

JNI global refs:
JNI global refs: 0, weak refs: 0

JNI global refs memory usage: 0, weak refs: 0

Process memory usage:
Resident Set Size: 15324K (0% of 50255596K total physical memory with 8077792K free physical memory)

OOME stack traces (most recent first):
Classloader memory used:

---------------  S Y S T E M  ---------------

OS:
 Windows 11 , 64 bit Build 26100 (10.0.26100.8521)
OS uptime: 18 days 14:30 hours
Hyper-V role detected

CPU: total 12 (initial active 12) (12 cores per cpu, 2 threads per core) family 25 model 33 stepping 2 microcode 0x0, cx8, cmov, fxsr, ht, mmx, 3dnowpref, sse, sse2, sse3, ssse3, sse4a, sse4.1, sse4.2, popcnt, lzcnt, tsc, tscinvbit, avx, avx2, aes, erms, clmul, bmi1, bmi2, adx, sha, fma, vzeroupper, clflush, clflushopt, clwb, hv, rdtscp, rdpid, fsrm, f16c, cet_ss
Processor Information for the first 12 processors :
  Max Mhz: 3501, Current Mhz: 3501, Mhz Limit: 3501

Memory: 4k page, system-wide physical 49077M (7888M free)
TotalPageFile size 61598M (AvailPageFile size 555M)
current process WorkingSet (physical memory assigned to process): 15M, peak: 15M
current process commit charge ("private bytes"): 65M, peak: 833M

vm_info: OpenJDK 64-Bit Server VM (25.0.2+1-b329.72) for windows-amd64 JRE (25.0.2+1-b329.72), built on 2026-03-02 with MS VC++ 17.14 (VS2022)

END.
